// Jest Snapshot v1, https://goo.gl/fbAQLP

exports[`filter.njk 1`] = `
====================================options=====================================
parsers: ["nunjucks"]
printWidth: 80
                                                                                | printWidth
=====================================input======================================
{% filter title %}
may the force be with you
{% endfilter %}

{% filter replace("force", "forth") %}
may the force be with you
{% endfilter %}

=====================================output=====================================
{% filter title %}
  may the force be with you
{% endfilter %}

{% filter replace("force", "forth") %}
  may the force be with you
{% endfilter %}

================================================================================
`;
